
[1m[46m RUN [49m[22m [36mv4.1.2 [39m[90mC:/Users/Idan4/Desktop/readme-preview-read-aloud[39m

 [31mΓ¥»[39m tests/core/audioBridge.test.ts [2m([22m[2m10 tests[22m[2m | [22m[31m4 failed[39m[2m)[22m[33m 5028[2mms[22m[39m
[31m     [31m├ù[31m [Law 7.3] should NOT emit playAudio on cache miss ΓÇö only synthesisReady fires (Zero-IPC pull handshake)[39m[32m 7[2mms[22m[39m
     [32mΓ£ô[39m should fallback to LOCAL mode when NEURAL is requested but not viable (Autoradiant Fallback)[32m 2[2mms[22m[39m
     [32mΓ£ô[39m should emit playAudio with binary data on extension cache hit (Push-on-Hit Architecture)[32m 1[2mms[22m[39m
[31m     [31m├ù[31m should call speakNeural and emit playAudio with binary data when synthesize() is called[39m[32m 1[2mms[22m[39m
[31m     [31m├ù[31m should advance to next sentence indices on next() but not call speakNeural[39m[32m 1[2mms[22m[39m
     [32mΓ£ô[39m should advance to next chapter when current chapter ends[32m 0[2mms[22m[39m
     [32mΓ£ô[39m should trigger pre-fetch after starting playback[32m 1[2mms[22m[39m
     [32mΓ£ô[39m should NOT fallback to local speech on neural failure during synthesis[32m 1[2mms[22m[39m
[31m     [31m├ù[31m [Law 7.3] should ignore stale synthesis results during rapid sentence jumps ΓÇö playAudio never fires on miss[39m[33m 5013[2mms[22m[39m
     [32mΓ£ô[39m should implement Commitment-on-Play: batchId increments only when options drift during start()[32m 2[2mms[22m[39m

[2m Test Files [22m [1m[31m1 failed[39m[22m[90m (1)[39m
[2m      Tests [22m [1m[31m4 failed[39m[22m[2m | [22m[1m[32m6 passed[39m[22m[90m (10)[39m
[2m   Start at [22m 22:08:32
[2m   Duration [22m 5.50s[2m (transform 136ms, setup 83ms, import 182ms, tests 5.03s, environment 0ms)[22m

